Command line invocation:
    /Applications/Xcode.app/Contents/Developer/usr/bin/xcodebuild test -scheme FamilyGame -destination "platform=iOS Simulator,name=iPhone 14" -derivedDataPath .build

Resolve Package Graph
2026-03-07 15:42:25.865 xcodebuild[79813:55013212] [MT] IDERunDestination: Supported platforms for the buildables in the current scheme is empty.


Resolved source packages:
  FamilyGame: /Users/amolbabu/projects/familyGame

2026-03-07 15:43:26.405 xcodebuild[79813:55013212] Writing error result bundle to /var/folders/2h/4k75l0ms2vd9fc20b62tf0p00000gn/T/ResultBundle_2026-07-03_15-43-0026.xcresult
xcodebuild: error: Unable to find a device matching the provided destination specifier:
		{ platform:iOS Simulator, OS:latest, name:iPhone 14 }

	The requested device could not be found because no available devices matched the request.

	Available destinations for the "FamilyGame" scheme:
		{ platform:macOS, arch:arm64, id:00008103-0011394C1E39001E, name:My Mac }
		{ platform:macOS, arch:x86_64, id:00008103-0011394C1E39001E, name:My Mac }
		{ platform:macOS, arch:arm64, variant:Mac Catalyst, id:00008103-0011394C1E39001E, name:My Mac }
		{ platform:macOS, arch:x86_64, variant:Mac Catalyst, id:00008103-0011394C1E39001E, name:My Mac }
		{ platform:macOS, arch:arm64, variant:DriverKit, id:00008103-0011394C1E39001E, name:My Mac }
		{ platform:macOS, arch:arm64, variant:Designed for [iPad,iPhone], id:00008103-0011394C1E39001E, name:My Mac }
		{ platform:macOS, arch:arm64_32, variant:Designed for [iPad,iPhone], id:00008103-0011394C1E39001E, name:My Mac }
		{ platform:DriverKit, name:Any DriverKit Host }
		{ platform:iOS, id:dvtdevice-DVTiPhonePlaceholder-iphoneos:placeholder, name:Any iOS Device }
		{ platform:iOS Simulator, id:dvtdevice-DVTiOSDeviceSimulatorPlaceholder-iphonesimulator:placeholder, name:Any iOS Simulator Device }
		{ platform:macOS, name:Any Mac }
		{ platform:macOS, variant:Mac Catalyst, name:Any Mac }
		{ platform:iOS Simulator, arch:arm64, id:D1D72B92-ED8D-4CD0-9565-7408CA0454E2, OS:26.3.1, name:iPad (A16) }
		{ platform:iOS Simulator, arch:arm64, id:71530159-402B-4DA6-9EDE-E33CBBFD29A3, OS:26.3.1, name:iPad Air 11-inch (M3) }
		{ platform:iOS Simulator, arch:arm64, id:A6E5D367-AE12-42F5-892F-193D8FD3A5C4, OS:26.3.1, name:iPad Air 13-inch (M3) }
		{ platform:iOS Simulator, arch:arm64, id:A83A656F-4065-4BA8-8626-C1F7CDFDF7C8, OS:26.3.1, name:iPad Pro 11-inch (M5) }
		{ platform:iOS Simulator, arch:arm64, id:7781A6A9-D36B-41C6-8D71-8A9C89679E1B, OS:26.3.1, name:iPad Pro 13-inch (M5) }
		{ platform:iOS Simulator, arch:arm64, id:7B5FA656-F5AB-4178-AC1E-2E385AD16FAA, OS:26.3.1, name:iPad mini (A17 Pro) }
		{ platform:iOS Simulator, arch:arm64, id:9A622156-83D6-480F-89E7-96155AB3F31B, OS:26.3.1, name:iPhone 16e }
		{ platform:iOS Simulator, arch:arm64, id:F51E0482-53BF-483F-ABEF-BB04D34F78C3, OS:26.3.1, name:iPhone 17 }
		{ platform:iOS Simulator, arch:arm64, id:E065AD2D-C02B-4A04-BA1C-61FF37D75E2F, OS:26.3.1, name:iPhone 17 Pro }
		{ platform:iOS Simulator, arch:arm64, id:E195D5A5-2A50-4257-A343-494DB21789F6, OS:26.3.1, name:iPhone 17 Pro Max }
		{ platform:iOS Simulator, arch:arm64, id:595B95A8-6157-4632-912B-0117CF3E7384, OS:26.3.1, name:iPhone Air }

	Ineligible destinations for the "FamilyGame" scheme:
		{ platform:tvOS, id:dvtdevice-DVTiOSDevicePlaceholder-appletvos:placeholder, name:Any tvOS Device, error:tvOS 26.2 is not installed. Please download and install the platform from Xcode > Settings > Components. }
		{ platform:visionOS, id:dvtdevice-DVTiOSDevicePlaceholder-xros:placeholder, name:Any visionOS Device, error:visionOS 26.2 is not installed. Please download and install the platform from Xcode > Settings > Components. }
		{ platform:watchOS, id:dvtdevice-DVTiOSDevicePlaceholder-watchos:placeholder, name:Any watchOS Device, error:watchOS 26.2 is not installed. Please download and install the platform from Xcode > Settings > Components. }
